Fixed Regular 20: 10x20.pf2
Fixed Regular 6: 4x6.pf2
Fixed Regular 7: 5x7.pf2
Fixed Regular 8: 5x8.pf2
Fixed Regular 10: 6x10.pf2
Fixed Regular 12: 6x12.pf2
Fixed Bold 13: 6x13B.pf2
Fixed Italic 13: 6x13O.pf2
Fixed Regular 13: 6x13.pf2
Fixed Regular 9: 6x9.pf2
Fixed Bold 13: 7x13B.pf2
Fixed Italic 13: 7x13O.pf2
Fixed Regular 13: 7x13.pf2
Fixed Bold 14: 7x14B.pf2
Fixed Regular 14: 7x14.pf2
Fixed Bold 13: 8x13B.pf2
Fixed Italic 13: 8x13O.pf2
Fixed Regular 13: 8x13.pf2
Fixed Bold 15: 9x15B.pf2
Fixed Regular 15: 9x15.pf2
Fixed Bold 18: 9x18B.pf2
Fixed Regular 18: 9x18.pf2
anorexia Regular 10: anorexia.pf2
aqui Regular 12: aqui.pf2
Clean Regular 12: clR6x12.pf2
cure Regular 9: cure.pf2
DejaVu Sans Regular 10: dejavu_sans_10.pf2
DejaVu Sans Regular 12: dejavu_sans_12.pf2
DejaVu Sans Bold 14: dejavu_sans_bold_14.pf2
drift Regular 11: drift.pf2
edges Regular 10: edges.pf2
fkp Regular 16: fkp.pf2
gelly Regular 9: gelly.pf2
glispbold Bold 10: glisp-bold.pf2
glisp Regular 10: glisp.pf2
Helvetica Regular 22: Helvetica-10.pf2
Helvetica Regular 26: Helvetica-12.pf2
Helvetica Regular 29: Helvetica-14.pf2
Helvetica Regular 37: Helvetica-18.pf2
Helvetica Regular 48: Helvetica-24.pf2
Helvetica Regular 18: Helvetica-8.pf2
Helvetica Bold 23: Helvetica-Bold-10.pf2
Helvetica Bold 27: Helvetica-Bold-12.pf2
Helvetica Bold 29: Helvetica-Bold-14.pf2
Helvetica Bold 37: Helvetica-Bold-18.pf2
Helvetica Bold 49: Helvetica-Bold-24.pf2
Helvetica Bold 19: Helvetica-Bold-8.pf2
kates Regular 14: kates.pf2
lime Regular 10: lime.pf2
mintsmild Regular 10: mints-mild.pf2
mintsstrong Regular 8: mints-strong.pf2
msyh Bold 16: msyh16b.pf2
msyh Regular 16: msyh16.pf2
msyh Bold 18: msyh18b.pf2
msyh Regular 18: msyh18.pf2
msyh Bold 20: msyh20b.pf2
msyh Regular 20: msyh20.pf2
New Century Schoolbook Regular 24: New_Century_Schoolbook-10.pf2
New Century Schoolbook Regular 26: New_Century_Schoolbook-12.pf2
New Century Schoolbook Regular 30: New_Century_Schoolbook-14.pf2
New Century Schoolbook Regular 37: New_Century_Schoolbook-18.pf2
New Century Schoolbook Regular 50: New_Century_Schoolbook-24.pf2
New Century Schoolbook Regular 18: New_Century_Schoolbook-8.pf2
New Century Schoolbook Bold 25: New_Century_Schoolbook-Bold-10.pf2
New Century Schoolbook Bold 27: New_Century_Schoolbook-Bold-12.pf2
New Century Schoolbook Bold 32: New_Century_Schoolbook-Bold-14.pf2
New Century Schoolbook Bold 40: New_Century_Schoolbook-Bold-18.pf2
New Century Schoolbook Bold 53: New_Century_Schoolbook-Bold-24.pf2
New Century Schoolbook Bold 19: New_Century_Schoolbook-Bold-8.pf2
nu Regular 11: nu.pf2
smoothansi Regular 13: smoothansi.pf2
snap Regular 10: snap.pf2
Unifont Regular 16: unifont.pf2
